2025-11-19 00:25:48,081 INFO o.a.j.u.JMeterUtils: Setting Locale to en_EN
2025-11-19 00:25:48,125 INFO o.a.j.JMeter: Loading user properties from: C:\Users\giuse\Desktop\Impianti\apache-jmeter-5.6.3\bin\user.properties
2025-11-19 00:25:48,127 INFO o.a.j.JMeter: Loading system properties from: C:\Users\giuse\Desktop\Impianti\apache-jmeter-5.6.3\bin\system.properties
2025-11-19 00:25:48,149 INFO o.a.j.JMeter: Copyright (c) 1998-2024 The Apache Software Foundation
2025-11-19 00:25:48,149 INFO o.a.j.JMeter: Version 5.6.3
2025-11-19 00:25:48,149 INFO o.a.j.JMeter: java.version=1.8.0_461
2025-11-19 00:25:48,150 INFO o.a.j.JMeter: java.vm.name=Java HotSpot(TM) 64-Bit Server VM
2025-11-19 00:25:48,150 INFO o.a.j.JMeter: os.name=Windows 10
2025-11-19 00:25:48,150 INFO o.a.j.JMeter: os.arch=amd64
2025-11-19 00:25:48,150 INFO o.a.j.JMeter: os.version=10.0
2025-11-19 00:25:48,150 INFO o.a.j.JMeter: file.encoding=Cp1252
2025-11-19 00:25:48,151 INFO o.a.j.JMeter: java.awt.headless=true
2025-11-19 00:25:48,151 INFO o.a.j.JMeter: Max memory     =1073741824
2025-11-19 00:25:48,151 INFO o.a.j.JMeter: Available Processors =8
2025-11-19 00:25:48,164 INFO o.a.j.JMeter: Default Locale=English (EN)
2025-11-19 00:25:48,166 INFO o.a.j.JMeter: JMeter  Locale=English (EN)
2025-11-19 00:25:48,166 INFO o.a.j.JMeter: JMeterHome=C:\Users\giuse\Desktop\Impianti\apache-jmeter-5.6.3
2025-11-19 00:25:48,166 INFO o.a.j.JMeter: user.dir  =C:\Users\giuse\Desktop\Impianti\Progetto\Impianti-di-Elaborazione\DOE
2025-11-19 00:25:48,168 INFO o.a.j.JMeter: PWD       =C:\Users\giuse\Desktop\Impianti\Progetto\Impianti-di-Elaborazione\DOE
2025-11-19 00:25:52,713 INFO o.a.j.JMeter: IP: 192.168.56.1 Name: LAPTOP-ACD2EDOE FullName: LAPTOP-ACD2EDOE
2025-11-19 00:25:52,781 INFO o.a.j.s.FileServer: Default base='C:\Users\giuse\Desktop\Impianti\Progetto\Impianti-di-Elaborazione\DOE'
2025-11-19 00:25:52,788 INFO o.a.j.s.FileServer: Set new base='C:\Users\giuse\Desktop\Impianti\Progetto\Impianti-di-Elaborazione\DOE'
2025-11-19 00:25:53,224 INFO o.a.j.s.SaveService: Testplan (JMX) version: 2.2. Testlog (JTL) version: 2.2
2025-11-19 00:25:53,330 INFO o.a.j.s.SaveService: Using SaveService properties file encoding UTF-8
2025-11-19 00:25:53,345 INFO o.a.j.s.SaveService: Using SaveService properties version 5.0
2025-11-19 00:25:53,369 INFO o.a.j.s.SaveService: Loading file: C:\Users\giuse\Desktop\Impianti\Progetto\Impianti-di-Elaborazione\DOE\TestPlan_DOE.jmx
2025-11-19 00:25:53,616 INFO o.a.j.p.h.s.HTTPSamplerBase: Parser for text/html is org.apache.jmeter.protocol.http.parser.LagartoBasedHtmlParser
2025-11-19 00:25:53,616 INFO o.a.j.p.h.s.HTTPSamplerBase: Parser for application/xhtml+xml is org.apache.jmeter.protocol.http.parser.LagartoBasedHtmlParser
2025-11-19 00:25:53,616 INFO o.a.j.p.h.s.HTTPSamplerBase: Parser for application/xml is org.apache.jmeter.protocol.http.parser.LagartoBasedHtmlParser
2025-11-19 00:25:53,617 INFO o.a.j.p.h.s.HTTPSamplerBase: Parser for text/xml is org.apache.jmeter.protocol.http.parser.LagartoBasedHtmlParser
2025-11-19 00:25:53,617 INFO o.a.j.p.h.s.HTTPSamplerBase: Parser for text/vnd.wap.wml is org.apache.jmeter.protocol.http.parser.RegexpHTMLParser
2025-11-19 00:25:53,617 INFO o.a.j.p.h.s.HTTPSamplerBase: Parser for text/css is org.apache.jmeter.protocol.http.parser.CssParser
2025-11-19 00:25:54,575 INFO o.a.j.JMeter: Creating summariser <summary>
2025-11-19 00:25:54,656 INFO o.a.j.e.StandardJMeterEngine: Running the test!
2025-11-19 00:25:54,658 INFO o.a.j.s.SampleEvent: List of sample_variables: []
2025-11-19 00:25:54,659 INFO o.a.j.s.SampleEvent: List of sample_variables: []
2025-11-19 00:25:54,679 INFO o.a.j.e.u.CompoundVariable: Note: Function class names must contain the string: '.functions.'
2025-11-19 00:25:54,679 INFO o.a.j.e.u.CompoundVariable: Note: Function class names must not contain the string: '.gui.'
2025-11-19 00:25:55,794 INFO o.a.j.JMeter: Running test (1763508355794)
2025-11-19 00:25:55,936 INFO o.a.j.e.StandardJMeterEngine: Starting ThreadGroup: 1 : Thread Group Low Intensity
2025-11-19 00:25:55,936 INFO o.a.j.e.StandardJMeterEngine: Starting 15 threads for group Thread Group Low Intensity.
2025-11-19 00:25:55,937 INFO o.a.j.e.StandardJMeterEngine: Thread will continue on error
2025-11-19 00:25:55,938 INFO o.a.j.t.ThreadGroup: Starting thread group... number=1 threads=15 ramp-up=15 delayedStart=false
2025-11-19 00:25:55,983 INFO o.a.j.t.JMeterThread: Thread started: Thread Group Low Intensity 1-1
2025-11-19 00:25:56,009 INFO o.a.j.t.ThreadGroup: Started thread group number 1
2025-11-19 00:25:56,009 INFO o.a.j.e.StandardJMeterEngine: Waiting for thread group: Thread Group Low Intensity to finish before starting next group
2025-11-19 00:25:56,157 INFO o.a.j.p.h.s.HTTPHCAbstractImpl: Local host = LAPTOP-ACD2EDOE
2025-11-19 00:25:56,180 INFO o.a.j.p.h.s.HTTPHC4Impl: HTTP request retry count = 0
2025-11-19 00:25:56,188 INFO o.a.j.s.SampleResult: Note: Sample TimeStamps are START times
2025-11-19 00:25:56,188 INFO o.a.j.s.SampleResult: sampleresult.default.encoding is set to UTF-8
2025-11-19 00:25:56,188 INFO o.a.j.s.SampleResult: sampleresult.useNanoTime=true
2025-11-19 00:25:56,189 INFO o.a.j.s.SampleResult: sampleresult.nanoThreadSleep=5000
2025-11-19 00:25:56,967 INFO o.a.j.t.JMeterThread: Thread started: Thread Group Low Intensity 1-2
2025-11-19 00:25:57,962 INFO o.a.j.t.JMeterThread: Thread started: Thread Group Low Intensity 1-3
2025-11-19 00:25:58,960 INFO o.a.j.t.JMeterThread: Thread started: Thread Group Low Intensity 1-4
2025-11-19 00:25:59,956 INFO o.a.j.t.JMeterThread: Thread started: Thread Group Low Intensity 1-5
2025-11-19 00:26:00,081 INFO o.a.j.r.Summariser: summary +     12 in 00:00:04 =    2.8/s Avg:   122 Min:    23 Max:   300 Err:     0 (0.00%) Active: 5 Started: 5 Finished: 0
2025-11-19 00:26:00,952 INFO o.a.j.t.JMeterThread: Thread started: Thread Group Low Intensity 1-6
2025-11-19 00:26:01,943 INFO o.a.j.t.JMeterThread: Thread started: Thread Group Low Intensity 1-7
2025-11-19 00:26:02,943 INFO o.a.j.t.JMeterThread: Thread started: Thread Group Low Intensity 1-8
2025-11-19 00:26:03,942 INFO o.a.j.t.JMeterThread: Thread started: Thread Group Low Intensity 1-9
2025-11-19 00:26:04,948 INFO o.a.j.t.JMeterThread: Thread started: Thread Group Low Intensity 1-10
2025-11-19 00:26:05,948 INFO o.a.j.t.JMeterThread: Thread started: Thread Group Low Intensity 1-11
2025-11-19 00:26:06,943 INFO o.a.j.t.JMeterThread: Thread started: Thread Group Low Intensity 1-12
2025-11-19 00:26:07,944 INFO o.a.j.t.JMeterThread: Thread started: Thread Group Low Intensity 1-13
2025-11-19 00:26:08,942 INFO o.a.j.t.JMeterThread: Thread started: Thread Group Low Intensity 1-14
2025-11-19 00:26:09,944 INFO o.a.j.t.JMeterThread: Thread started: Thread Group Low Intensity 1-15
2025-11-19 00:26:30,424 INFO o.a.j.r.Summariser: summary +     74 in 00:00:30 =    2.4/s Avg:    86 Min:    25 Max:   151 Err:     0 (0.00%) Active: 15 Started: 15 Finished: 0
2025-11-19 00:26:30,430 INFO o.a.j.r.Summariser: summary =     86 in 00:00:35 =    2.5/s Avg:    91 Min:    23 Max:   300 Err:     0 (0.00%)
2025-11-19 00:27:00,309 INFO o.a.j.r.Summariser: summary +     75 in 00:00:30 =    2.5/s Avg:    93 Min:    25 Max:   170 Err:     0 (0.00%) Active: 15 Started: 15 Finished: 0
2025-11-19 00:27:00,314 INFO o.a.j.r.Summariser: summary =    161 in 00:01:05 =    2.5/s Avg:    92 Min:    23 Max:   300 Err:     0 (0.00%)
2025-11-19 00:27:30,339 INFO o.a.j.r.Summariser: summary +     75 in 00:00:30 =    2.5/s Avg:    77 Min:    25 Max:   219 Err:     0 (0.00%) Active: 15 Started: 15 Finished: 0
2025-11-19 00:27:30,345 INFO o.a.j.r.Summariser: summary =    236 in 00:01:35 =    2.5/s Avg:    87 Min:    23 Max:   300 Err:     0 (0.00%)
2025-11-19 00:28:00,271 INFO o.a.j.r.Summariser: summary +     75 in 00:00:30 =    2.5/s Avg:    83 Min:    25 Max:   160 Err:     0 (0.00%) Active: 15 Started: 15 Finished: 0
2025-11-19 00:28:00,277 INFO o.a.j.r.Summariser: summary =    311 in 00:02:04 =    2.5/s Avg:    86 Min:    23 Max:   300 Err:     0 (0.00%)
2025-11-19 00:28:30,418 INFO o.a.j.r.Summariser: summary +     75 in 00:00:30 =    2.5/s Avg:    79 Min:    25 Max:   146 Err:     0 (0.00%) Active: 15 Started: 15 Finished: 0
2025-11-19 00:28:30,424 INFO o.a.j.r.Summariser: summary =    386 in 00:02:35 =    2.5/s Avg:    85 Min:    23 Max:   300 Err:     0 (0.00%)
2025-11-19 00:29:00,462 INFO o.a.j.r.Summariser: summary +     75 in 00:00:30 =    2.5/s Avg:    83 Min:    25 Max:   147 Err:     0 (0.00%) Active: 15 Started: 15 Finished: 0
2025-11-19 00:29:00,467 INFO o.a.j.r.Summariser: summary =    461 in 00:03:05 =    2.5/s Avg:    84 Min:    23 Max:   300 Err:     0 (0.00%)
2025-11-19 00:29:30,066 INFO o.a.j.r.Summariser: summary +     74 in 00:00:30 =    2.5/s Avg:    91 Min:    24 Max:   190 Err:     0 (0.00%) Active: 15 Started: 15 Finished: 0
2025-11-19 00:29:30,072 INFO o.a.j.r.Summariser: summary =    535 in 00:03:34 =    2.5/s Avg:    85 Min:    23 Max:   300 Err:     0 (0.00%)
2025-11-19 00:30:00,277 INFO o.a.j.r.Summariser: summary +     76 in 00:00:30 =    2.5/s Avg:    82 Min:    24 Max:   151 Err:     0 (0.00%) Active: 15 Started: 15 Finished: 0
2025-11-19 00:30:00,282 INFO o.a.j.r.Summariser: summary =    611 in 00:04:04 =    2.5/s Avg:    85 Min:    23 Max:   300 Err:     0 (0.00%)
2025-11-19 00:30:30,345 INFO o.a.j.r.Summariser: summary +     75 in 00:00:30 =    2.5/s Avg:    81 Min:    24 Max:   153 Err:     0 (0.00%) Active: 15 Started: 15 Finished: 0
2025-11-19 00:30:30,351 INFO o.a.j.r.Summariser: summary =    686 in 00:04:35 =    2.5/s Avg:    84 Min:    23 Max:   300 Err:     0 (0.00%)
2025-11-19 00:30:50,346 INFO o.a.j.t.JMeterThread: Thread finished: Thread Group Low Intensity 1-12
2025-11-19 00:30:50,656 INFO o.a.j.t.JMeterThread: Thread finished: Thread Group Low Intensity 1-1
2025-11-19 00:30:51,181 INFO o.a.j.t.JMeterThread: Thread finished: Thread Group Low Intensity 1-8
2025-11-19 00:30:51,622 INFO o.a.j.t.JMeterThread: Thread finished: Thread Group Low Intensity 1-6
2025-11-19 00:30:52,020 INFO o.a.j.t.JMeterThread: Thread finished: Thread Group Low Intensity 1-13
2025-11-19 00:30:52,337 INFO o.a.j.t.JMeterThread: Thread finished: Thread Group Low Intensity 1-9
2025-11-19 00:30:52,675 INFO o.a.j.t.JMeterThread: Thread finished: Thread Group Low Intensity 1-14
2025-11-19 00:30:53,049 INFO o.a.j.t.JMeterThread: Thread finished: Thread Group Low Intensity 1-4
2025-11-19 00:30:53,583 INFO o.a.j.t.JMeterThread: Thread finished: Thread Group Low Intensity 1-3
2025-11-19 00:30:53,941 INFO o.a.j.t.JMeterThread: Thread finished: Thread Group Low Intensity 1-15
2025-11-19 00:30:54,270 INFO o.a.j.t.JMeterThread: Thread finished: Thread Group Low Intensity 1-10
2025-11-19 00:30:54,775 INFO o.a.j.t.JMeterThread: Thread finished: Thread Group Low Intensity 1-2
2025-11-19 00:30:55,143 INFO o.a.j.t.JMeterThread: Thread finished: Thread Group Low Intensity 1-7
2025-11-19 00:30:55,661 INFO o.a.j.t.JMeterThread: Thread finished: Thread Group Low Intensity 1-11
2025-11-19 00:30:55,941 INFO o.a.j.t.JMeterThread: Thread finished: Thread Group Low Intensity 1-5
2025-11-19 00:30:55,942 INFO o.a.j.e.StandardJMeterEngine: Starting ThreadGroup: 2 : Thread Group Mid Intensity
2025-11-19 00:30:55,942 INFO o.a.j.e.StandardJMeterEngine: Starting 15 threads for group Thread Group Mid Intensity.
2025-11-19 00:30:55,943 INFO o.a.j.e.StandardJMeterEngine: Thread will continue on error
2025-11-19 00:30:55,943 INFO o.a.j.t.ThreadGroup: Starting thread group... number=2 threads=15 ramp-up=15 delayedStart=false
2025-11-19 00:30:55,947 INFO o.a.j.t.JMeterThread: Thread started: Thread Group Mid Intensity 2-1
2025-11-19 00:30:55,972 INFO o.a.j.t.ThreadGroup: Started thread group number 2
2025-11-19 00:30:55,972 INFO o.a.j.e.StandardJMeterEngine: Waiting for thread group: Thread Group Mid Intensity to finish before starting next group
2025-11-19 00:30:56,946 INFO o.a.j.t.JMeterThread: Thread started: Thread Group Mid Intensity 2-2
2025-11-19 00:30:57,947 INFO o.a.j.t.JMeterThread: Thread started: Thread Group Mid Intensity 2-3
2025-11-19 00:30:58,947 INFO o.a.j.t.JMeterThread: Thread started: Thread Group Mid Intensity 2-4
2025-11-19 00:30:59,947 INFO o.a.j.t.JMeterThread: Thread started: Thread Group Mid Intensity 2-5
2025-11-19 00:31:00,074 INFO o.a.j.r.Summariser: summary +     86 in 00:00:30 =    2.9/s Avg:    91 Min:    23 Max:   207 Err:     0 (0.00%) Active: 5 Started: 20 Finished: 15
2025-11-19 00:31:00,080 INFO o.a.j.r.Summariser: summary =    772 in 00:05:04 =    2.5/s Avg:    85 Min:    23 Max:   300 Err:     0 (0.00%)
2025-11-19 00:31:00,947 INFO o.a.j.t.JMeterThread: Thread started: Thread Group Mid Intensity 2-6
2025-11-19 00:31:01,948 INFO o.a.j.t.JMeterThread: Thread started: Thread Group Mid Intensity 2-7
2025-11-19 00:31:02,950 INFO o.a.j.t.JMeterThread: Thread started: Thread Group Mid Intensity 2-8
2025-11-19 00:31:03,949 INFO o.a.j.t.JMeterThread: Thread started: Thread Group Mid Intensity 2-9
2025-11-19 00:31:04,947 INFO o.a.j.t.JMeterThread: Thread started: Thread Group Mid Intensity 2-10
2025-11-19 00:31:05,947 INFO o.a.j.t.JMeterThread: Thread started: Thread Group Mid Intensity 2-11
2025-11-19 00:31:06,947 INFO o.a.j.t.JMeterThread: Thread started: Thread Group Mid Intensity 2-12
2025-11-19 00:31:07,947 INFO o.a.j.t.JMeterThread: Thread started: Thread Group Mid Intensity 2-13
2025-11-19 00:31:08,947 INFO o.a.j.t.JMeterThread: Thread started: Thread Group Mid Intensity 2-14
2025-11-19 00:31:09,946 INFO o.a.j.t.JMeterThread: Thread started: Thread Group Mid Intensity 2-15
2025-11-19 00:31:30,320 INFO o.a.j.r.Summariser: summary +    150 in 00:00:30 =    5.0/s Avg:    97 Min:    21 Max:   377 Err:     0 (0.00%) Active: 15 Started: 30 Finished: 15
2025-11-19 00:31:30,326 INFO o.a.j.r.Summariser: summary =    922 in 00:05:35 =    2.8/s Avg:    87 Min:    21 Max:   377 Err:     0 (0.00%)
2025-11-19 00:32:00,073 INFO o.a.j.r.Summariser: summary +    150 in 00:00:30 =    5.0/s Avg:    79 Min:    21 Max:   201 Err:     0 (0.00%) Active: 15 Started: 30 Finished: 15
2025-11-19 00:32:00,079 INFO o.a.j.r.Summariser: summary =   1072 in 00:06:04 =    2.9/s Avg:    86 Min:    21 Max:   377 Err:     0 (0.00%)
2025-11-19 00:32:30,064 INFO o.a.j.r.Summariser: summary +    150 in 00:00:30 =    5.0/s Avg:    82 Min:    21 Max:   176 Err:     0 (0.00%) Active: 15 Started: 30 Finished: 15
2025-11-19 00:32:30,070 INFO o.a.j.r.Summariser: summary =   1222 in 00:06:34 =    3.1/s Avg:    85 Min:    21 Max:   377 Err:     0 (0.00%)
2025-11-19 00:33:00,230 INFO o.a.j.r.Summariser: summary +    150 in 00:00:30 =    5.0/s Avg:    80 Min:    21 Max:   197 Err:     0 (0.00%) Active: 15 Started: 30 Finished: 15
2025-11-19 00:33:00,235 INFO o.a.j.r.Summariser: summary =   1372 in 00:07:04 =    3.2/s Avg:    85 Min:    21 Max:   377 Err:     0 (0.00%)
2025-11-19 00:33:30,182 INFO o.a.j.r.Summariser: summary +    150 in 00:00:30 =    5.0/s Avg:    96 Min:    21 Max:   325 Err:     0 (0.00%) Active: 15 Started: 30 Finished: 15
2025-11-19 00:33:30,188 INFO o.a.j.r.Summariser: summary =   1522 in 00:07:34 =    3.3/s Avg:    86 Min:    21 Max:   377 Err:     0 (0.00%)
2025-11-19 00:34:00,152 INFO o.a.j.r.Summariser: summary +    150 in 00:00:30 =    5.0/s Avg:    79 Min:    21 Max:   153 Err:     0 (0.00%) Active: 15 Started: 30 Finished: 15
2025-11-19 00:34:00,158 INFO o.a.j.r.Summariser: summary =   1672 in 00:08:04 =    3.5/s Avg:    85 Min:    21 Max:   377 Err:     0 (0.00%)
2025-11-19 00:34:30,115 INFO o.a.j.r.Summariser: summary +    150 in 00:00:30 =    5.0/s Avg:    90 Min:    21 Max:   269 Err:     0 (0.00%) Active: 15 Started: 30 Finished: 15
2025-11-19 00:34:30,121 INFO o.a.j.r.Summariser: summary =   1822 in 00:08:34 =    3.5/s Avg:    86 Min:    21 Max:   377 Err:     0 (0.00%)
2025-11-19 00:35:00,111 INFO o.a.j.r.Summariser: summary +    150 in 00:00:30 =    5.0/s Avg:    83 Min:    21 Max:   196 Err:     0 (0.00%) Active: 15 Started: 30 Finished: 15
2025-11-19 00:35:00,121 INFO o.a.j.r.Summariser: summary =   1972 in 00:09:04 =    3.6/s Avg:    85 Min:    21 Max:   377 Err:     0 (0.00%)
2025-11-19 00:35:30,221 INFO o.a.j.r.Summariser: summary +    150 in 00:00:30 =    5.0/s Avg:    79 Min:    21 Max:   162 Err:     0 (0.00%) Active: 15 Started: 30 Finished: 15
2025-11-19 00:35:30,228 INFO o.a.j.r.Summariser: summary =   2122 in 00:09:34 =    3.7/s Avg:    85 Min:    21 Max:   377 Err:     0 (0.00%)
2025-11-19 00:35:53,146 INFO o.a.j.t.JMeterThread: Thread finished: Thread Group Mid Intensity 2-4
2025-11-19 00:35:53,348 INFO o.a.j.t.JMeterThread: Thread finished: Thread Group Mid Intensity 2-13
2025-11-19 00:35:53,508 INFO o.a.j.t.JMeterThread: Thread finished: Thread Group Mid Intensity 2-11
2025-11-19 00:35:53,705 INFO o.a.j.t.JMeterThread: Thread finished: Thread Group Mid Intensity 2-9
2025-11-19 00:35:54,027 INFO o.a.j.t.JMeterThread: Thread finished: Thread Group Mid Intensity 2-6
2025-11-19 00:35:54,155 INFO o.a.j.t.JMeterThread: Thread finished: Thread Group Mid Intensity 2-7
2025-11-19 00:35:54,275 INFO o.a.j.t.JMeterThread: Thread finished: Thread Group Mid Intensity 2-2
2025-11-19 00:35:54,468 INFO o.a.j.t.JMeterThread: Thread finished: Thread Group Mid Intensity 2-5
2025-11-19 00:35:54,788 INFO o.a.j.t.JMeterThread: Thread finished: Thread Group Mid Intensity 2-14
2025-11-19 00:35:54,909 INFO o.a.j.t.JMeterThread: Thread finished: Thread Group Mid Intensity 2-10
2025-11-19 00:35:55,303 INFO o.a.j.t.JMeterThread: Thread finished: Thread Group Mid Intensity 2-3
2025-11-19 00:35:55,323 INFO o.a.j.t.JMeterThread: Thread finished: Thread Group Mid Intensity 2-8
2025-11-19 00:35:55,514 INFO o.a.j.t.JMeterThread: Thread finished: Thread Group Mid Intensity 2-12
2025-11-19 00:35:55,821 INFO o.a.j.t.JMeterThread: Thread finished: Thread Group Mid Intensity 2-15
2025-11-19 00:35:55,987 INFO o.a.j.t.JMeterThread: Stopping because end time detected by thread: Thread Group Mid Intensity 2-1
2025-11-19 00:35:55,987 INFO o.a.j.t.JMeterThread: Thread finished: Thread Group Mid Intensity 2-1
2025-11-19 00:35:55,987 INFO o.a.j.e.StandardJMeterEngine: Starting ThreadGroup: 3 : Thread Group High Intensity
2025-11-19 00:35:55,988 INFO o.a.j.e.StandardJMeterEngine: Starting 15 threads for group Thread Group High Intensity.
2025-11-19 00:35:55,988 INFO o.a.j.e.StandardJMeterEngine: Thread will continue on error
2025-11-19 00:35:55,988 INFO o.a.j.t.ThreadGroup: Starting thread group... number=3 threads=15 ramp-up=15 delayedStart=false
2025-11-19 00:35:55,991 INFO o.a.j.t.JMeterThread: Thread started: Thread Group High Intensity 3-1
2025-11-19 00:35:56,008 INFO o.a.j.t.ThreadGroup: Started thread group number 3
2025-11-19 00:35:56,008 INFO o.a.j.e.StandardJMeterEngine: All thread groups have been started
2025-11-19 00:35:56,992 INFO o.a.j.t.JMeterThread: Thread started: Thread Group High Intensity 3-2
2025-11-19 00:35:57,991 INFO o.a.j.t.JMeterThread: Thread started: Thread Group High Intensity 3-3
2025-11-19 00:35:58,992 INFO o.a.j.t.JMeterThread: Thread started: Thread Group High Intensity 3-4
2025-11-19 00:35:59,990 INFO o.a.j.t.JMeterThread: Thread started: Thread Group High Intensity 3-5
2025-11-19 00:36:00,129 INFO o.a.j.r.Summariser: summary +    161 in 00:00:30 =    5.4/s Avg:    91 Min:    20 Max:   280 Err:     0 (0.00%) Active: 5 Started: 35 Finished: 30
2025-11-19 00:36:00,135 INFO o.a.j.r.Summariser: summary =   2283 in 00:10:04 =    3.8/s Avg:    85 Min:    20 Max:   377 Err:     0 (0.00%)
2025-11-19 00:36:00,991 INFO o.a.j.t.JMeterThread: Thread started: Thread Group High Intensity 3-6
2025-11-19 00:36:01,993 INFO o.a.j.t.JMeterThread: Thread started: Thread Group High Intensity 3-7
2025-11-19 00:36:02,991 INFO o.a.j.t.JMeterThread: Thread started: Thread Group High Intensity 3-8
2025-11-19 00:36:03,993 INFO o.a.j.t.JMeterThread: Thread started: Thread Group High Intensity 3-9
2025-11-19 00:36:04,992 INFO o.a.j.t.JMeterThread: Thread started: Thread Group High Intensity 3-10
2025-11-19 00:36:05,991 INFO o.a.j.t.JMeterThread: Thread started: Thread Group High Intensity 3-11
2025-11-19 00:36:06,994 INFO o.a.j.t.JMeterThread: Thread started: Thread Group High Intensity 3-12
2025-11-19 00:36:07,991 INFO o.a.j.t.JMeterThread: Thread started: Thread Group High Intensity 3-13
2025-11-19 00:36:08,991 INFO o.a.j.t.JMeterThread: Thread started: Thread Group High Intensity 3-14
2025-11-19 00:36:09,992 INFO o.a.j.t.JMeterThread: Thread started: Thread Group High Intensity 3-15
2025-11-19 00:36:30,115 INFO o.a.j.r.Summariser: summary +    225 in 00:00:30 =    7.5/s Avg:   134 Min:    21 Max:   411 Err:     0 (0.00%) Active: 15 Started: 45 Finished: 30
2025-11-19 00:36:30,120 INFO o.a.j.r.Summariser: summary =   2508 in 00:10:34 =    4.0/s Avg:    90 Min:    20 Max:   411 Err:     0 (0.00%)
2025-11-19 00:37:00,177 INFO o.a.j.r.Summariser: summary +    225 in 00:00:30 =    7.5/s Avg:   109 Min:    21 Max:   365 Err:     0 (0.00%) Active: 15 Started: 45 Finished: 30
2025-11-19 00:37:00,182 INFO o.a.j.r.Summariser: summary =   2733 in 00:11:04 =    4.1/s Avg:    91 Min:    20 Max:   411 Err:     0 (0.00%)
2025-11-19 00:37:30,023 INFO o.a.j.r.Summariser: summary +    226 in 00:00:30 =    7.6/s Avg:    97 Min:    21 Max:   299 Err:     0 (0.00%) Active: 15 Started: 45 Finished: 30
2025-11-19 00:37:30,029 INFO o.a.j.r.Summariser: summary =   2959 in 00:11:34 =    4.3/s Avg:    92 Min:    20 Max:   411 Err:     0 (0.00%)
2025-11-19 00:38:00,287 INFO o.a.j.r.Summariser: summary +    227 in 00:00:30 =    7.5/s Avg:   118 Min:    21 Max:   419 Err:     0 (0.00%) Active: 15 Started: 45 Finished: 30
2025-11-19 00:38:00,292 INFO o.a.j.r.Summariser: summary =   3186 in 00:12:04 =    4.4/s Avg:    94 Min:    20 Max:   419 Err:     0 (0.00%)
2025-11-19 00:38:30,066 INFO o.a.j.r.Summariser: summary +    225 in 00:00:30 =    7.6/s Avg:    96 Min:    21 Max:   351 Err:     0 (0.00%) Active: 15 Started: 45 Finished: 30
2025-11-19 00:38:30,072 INFO o.a.j.r.Summariser: summary =   3411 in 00:12:34 =    4.5/s Avg:    94 Min:    20 Max:   419 Err:     0 (0.00%)
2025-11-19 00:39:00,066 INFO o.a.j.r.Summariser: summary +    225 in 00:00:30 =    7.5/s Avg:   108 Min:    21 Max:   367 Err:     0 (0.00%) Active: 15 Started: 45 Finished: 30
2025-11-19 00:39:00,072 INFO o.a.j.r.Summariser: summary =   3636 in 00:13:04 =    4.6/s Avg:    95 Min:    20 Max:   419 Err:     0 (0.00%)
2025-11-19 00:39:30,082 INFO o.a.j.r.Summariser: summary +    226 in 00:00:30 =    7.5/s Avg:   105 Min:    21 Max:   355 Err:     0 (0.00%) Active: 15 Started: 45 Finished: 30
2025-11-19 00:39:30,088 INFO o.a.j.r.Summariser: summary =   3862 in 00:13:34 =    4.7/s Avg:    95 Min:    20 Max:   419 Err:     0 (0.00%)
2025-11-19 00:40:00,063 INFO o.a.j.r.Summariser: summary +    225 in 00:00:30 =    7.5/s Avg:   100 Min:    21 Max:   266 Err:     0 (0.00%) Active: 15 Started: 45 Finished: 30
2025-11-19 00:40:00,069 INFO o.a.j.r.Summariser: summary =   4087 in 00:14:04 =    4.8/s Avg:    96 Min:    20 Max:   419 Err:     0 (0.00%)
2025-11-19 00:40:30,078 INFO o.a.j.r.Summariser: summary +    224 in 00:00:30 =    7.5/s Avg:    93 Min:    20 Max:   327 Err:     0 (0.00%) Active: 15 Started: 45 Finished: 30
2025-11-19 00:40:30,085 INFO o.a.j.r.Summariser: summary =   4311 in 00:14:34 =    4.9/s Avg:    95 Min:    20 Max:   419 Err:     0 (0.00%)
2025-11-19 00:40:54,291 INFO o.a.j.t.JMeterThread: Thread finished: Thread Group High Intensity 3-9
2025-11-19 00:40:54,401 INFO o.a.j.t.JMeterThread: Thread finished: Thread Group High Intensity 3-5
2025-11-19 00:40:54,578 INFO o.a.j.t.JMeterThread: Thread finished: Thread Group High Intensity 3-2
2025-11-19 00:40:54,670 INFO o.a.j.t.JMeterThread: Thread finished: Thread Group High Intensity 3-15
2025-11-19 00:40:54,702 INFO o.a.j.t.JMeterThread: Thread finished: Thread Group High Intensity 3-1
2025-11-19 00:40:54,811 INFO o.a.j.t.JMeterThread: Thread finished: Thread Group High Intensity 3-3
2025-11-19 00:40:55,090 INFO o.a.j.t.JMeterThread: Thread finished: Thread Group High Intensity 3-14
2025-11-19 00:40:55,292 INFO o.a.j.t.JMeterThread: Thread finished: Thread Group High Intensity 3-7
2025-11-19 00:40:55,298 INFO o.a.j.t.JMeterThread: Thread finished: Thread Group High Intensity 3-6
2025-11-19 00:40:55,527 INFO o.a.j.t.JMeterThread: Thread finished: Thread Group High Intensity 3-11
2025-11-19 00:40:55,615 INFO o.a.j.t.JMeterThread: Thread finished: Thread Group High Intensity 3-4
2025-11-19 00:40:55,895 INFO o.a.j.t.JMeterThread: Thread finished: Thread Group High Intensity 3-8
2025-11-19 00:40:55,899 INFO o.a.j.t.JMeterThread: Thread finished: Thread Group High Intensity 3-10
2025-11-19 00:40:56,054 INFO o.a.j.t.JMeterThread: Stopping because end time detected by thread: Thread Group High Intensity 3-12
2025-11-19 00:40:56,054 INFO o.a.j.t.JMeterThread: Thread finished: Thread Group High Intensity 3-12
2025-11-19 00:40:56,144 INFO o.a.j.t.JMeterThread: Stopping because end time detected by thread: Thread Group High Intensity 3-13
2025-11-19 00:40:56,144 INFO o.a.j.t.JMeterThread: Thread finished: Thread Group High Intensity 3-13
2025-11-19 00:40:56,145 INFO o.a.j.e.StandardJMeterEngine: Notifying test listeners of end of test
2025-11-19 00:40:56,149 INFO o.a.j.r.Summariser: summary +    198 in 00:00:26 =    7.6/s Avg:   127 Min:    21 Max:   365 Err:     0 (0.00%) Active: 0 Started: 45 Finished: 45
2025-11-19 00:40:56,154 INFO o.a.j.r.Summariser: summary =   4509 in 00:15:00 =    5.0/s Avg:    97 Min:    20 Max:   419 Err:     0 (0.00%)
